Calling count_bits with input: 0 (the set 0)
Return value is: 0
Calling count_bits with input: 37 (the set 520)
Return value is: 3
Calling count_bits with input: 74 (the set 631)
Return value is: 3
Calling count_bits with input: 111 (the set 653210)
Return value is: 6
Calling count_bits with input: 148 (the set 742)
Return value is: 3
Calling count_bits with input: 185 (the set 75430)
Return value is: 5
Calling count_bits with input: 222 (the set 764321)
Return value is: 6
Calling count_bits with input: 259 (the set 810)
Return value is: 3
Calling count_bits with input: 296 (the set 853)
Return value is: 3
Calling count_bits with input: 333 (the set 86320)
Return value is: 5
Calling count_bits with input: 370 (the set 86541)
Return value is: 5
Calling count_bits with input: 407 (the set 874210)
Return value is: 6
Calling count_bits with input: 444 (the set 875432)
Return value is: 6
Calling count_bits with input: 481 (the set 87650)
Return value is: 5
Calling count_bits with input: 518 (the set 921)
Return value is: 3
Calling count_bits with input: 555 (the set 95310)
Return value is: 5
Calling count_bits with input: 592 (the set 964)
Return value is: 3
Calling count_bits with input: 629 (the set 965420)
Return value is: 6
Calling count_bits with input: 666 (the set 97431)
Return value is: 5
Calling count_bits with input: 703 (the set 97543210)
Return value is: 8
Calling count_bits with input: 740 (the set 97652)
Return value is: 5
Calling count_bits with input: 777 (the set 9830)
Return value is: 4
Calling count_bits with input: 814 (the set 985321)
Return value is: 6
Calling count_bits with input: 851 (the set 986410)
Return value is: 6
Calling count_bits with input: 888 (the set 986543)
Return value is: 6
Calling count_bits with input: 925 (the set 9874320)
Return value is: 7
Calling count_bits with input: 962 (the set 98761)
Return value is: 5
Calling count_bits with input: 999 (the set 98765210)
Return value is: 8
Calling count_bits with input: 1036 (the set 32)
Return value is: 2
Calling count_bits with input: 1073 (the set 540)
Return value is: 3
